name: include
kind: pipeline
steps:
- image: andrewstucki/s3-cache
  name: Restoring cached path 'node_modules'
  settings:
    access_key:
      from_secret: cache_access_key
    hash: yarn.lock
    pull: true
    restore: true
    root:
      from_secret: cache_bucket
    secret_key:
      from_secret: cache_secret_key
- image: andrewstucki/s3-cache
  name: Restoring cached path 'something'
  settings:
    access_key:
      from_secret: cache_access_key
    hash: ""
    pull: true
    restore: true
    root:
      from_secret: cache_bucket
    secret_key:
      from_secret: cache_secret_key
- commands:
  - go get -u github.com/golang/dep/cmd/dep
  image: golang:1.11
  name: build
- image: andrewstucki/s3-cache
  name: Uploading cached path 'node_modules'
  settings:
    access_key:
      from_secret: cache_access_key
    hash: yarn.lock
    mount:
    - node_modules
    pull: true
    rebuild: true
    root:
      from_secret: cache_bucket
    secret_key:
      from_secret: cache_secret_key
- image: andrewstucki/s3-cache
  name: Uploading cached path 'something'
  settings:
    access_key:
      from_secret: cache_access_key
    hash: ""
    mount:
    - something
    pull: true
    rebuild: true
    root:
      from_secret: cache_bucket
    secret_key:
      from_secret: cache_secret_key
---
name: ""
kind: secret
data:
  password: drone/docker#password
  username: drone/docker#username
type: external
---
name: cache_access_key
kind: secret
get:
  name: cache-access-key
  path: drone
---
name: cache_secret_key
kind: secret
get:
  name: cache-secret-key
  path: drone
---
name: cache_bucket
kind: secret
get:
  name: cache-bucket
  path: drone
